INFO     root:test_lab2.py:12 TEST CASE 1
INFO     root:test_lab2.py:26 TEST CASE FINISHED
INFO     root:test_lab2.py:30 TEST CASE 2 RF3
INFO     root:test_lab2.py:48 TEST CASE 3 RF9
